Zadejte vasi operaci (+,-,*,/) nebo e pro ukonceni:Zadejte cislo 1:
Zadejte cislo 2:
