Zadejte vasi operaci (+,-,*,/) nebo e pro ukonceni:Zadejte cislo 1:
Zadejte cislo 2:
Vas vysledek: 12
Zadejte vasi operaci (+,-,*,/) nebo e pro ukonceni:Zadejte cislo 1:
Zadejte cislo 2:
Vas vysledek: 30
Zadejte vasi operaci (+,-,*,/) nebo e pro ukonceni:Zadejte cislo 1:
Zadejte cislo 2:
Vas vysledek: 5
Zadejte vasi operaci (+,-,*,/) nebo e pro ukonceni: